// Jest Snapshot v1, https://goo.gl/fbAQLP

exports[`Header matches snapshot 1`] = `
<Adapter>
  <styled.h1>
    Property Investment Validator
  </styled.h1>
</Adapter>
`;
